// Jest Snapshot v1, https://goo.gl/fbAQLP

exports[`ApiTextField.vue renders correctly 1`] = `
<form
  class="v-form e-form-container"
  novalidate="novalidate"
>
  <div
    class="e-form-container"
    outlined="true"
    required="required"
    value="Test Value"
  >
    <div
      class="v-input v-input--hide-details theme--light v-text-field v-text-field--enclosed v-text-field--outlined v-select"
    >
      <div
        class="v-input__control"
      >
        <div
          aria-expanded="false"
          aria-haspopup="listbox"
          aria-owns="list-11"
          class="v-input__slot"
          role="button"
        >
          <fieldset
            aria-hidden="true"
          >
            <legend
              style="width: 0px;"
            >
              <span>
                â€‹
              </span>
            </legend>
          </fieldset>
          <div
            class="v-select__slot"
          >
            <label
              class="v-label theme--light"
              for="input-11"
              style="left: 0px; position: absolute;"
            >
              Test Field
            </label>
            <div
              class="v-select__selections"
            >
              <input
                aria-readonly="false"
                autocomplete="off"
                id="input-11"
                readonly="readonly"
                required="required"
                type="text"
              />
            </div>
            <div
              class="v-input__append-inner"
            >
              <i
                aria-hidden="true"
                class="v-icon notranslate mdi mdi-menu-down theme--light"
              />
               
              <div
                class="d-flex"
                style="margin-top: -5px;"
              >
                <div
                  class="checkIconContainer"
                >
                  <i
                    aria-hidden="true"
                    class="v-icon notranslate checkIcon mdi mdi-content-save theme--light green--text"
                  />
                </div>
                 
                <!---->
                 
                <!---->
              </div>
            </div>
            <input
              type="hidden"
              value="Test Value"
            />
          </div>
          <div
            class="v-menu"
          >
            <!---->
          </div>
        </div>
      </div>
    </div>
  </div>
</form>
`;
