{
  "box": {},
  "children": [],
  "parent": null,
  "props": {
    "locale": "de",
    "pdfVersion": "1.7",
    "store": {
      "get": [Function],
      "href": [Function],
    },
    "tc": [Function],
  },
  "style": {},
  "type": "DOCUMENT",
}