/activities:
    queryCount: 21
    executionTimeSeconds: 0.03
/activities/item:
    queryCount: 33
    executionTimeSeconds: 0.03
/activity_progress_labels:
    queryCount: 6
    executionTimeSeconds: 0.01
/activity_progress_labels/item:
    queryCount: 7
    executionTimeSeconds: 0.01
/activity_responsibles:
    queryCount: 6
    executionTimeSeconds: 0.01
/activity_responsibles/item:
    queryCount: 8
    executionTimeSeconds: 0.01
/camps:
    queryCount: 29
    executionTimeSeconds: 0.02
/camps/item:
    queryCount: 28
    executionTimeSeconds: 0.02
/camp_collaborations:
    queryCount: 25
    executionTimeSeconds: 0.02
/camp_collaborations/item:
    queryCount: 15
    executionTimeSeconds: 0.02
/categories:
    queryCount: 11
    executionTimeSeconds: 0.02
/categories/item:
    queryCount: 9
    executionTimeSeconds: 0.01
/content_types:
    queryCount: 6
    executionTimeSeconds: 0.01
/content_types/item:
    queryCount: 6
    executionTimeSeconds: 0.01
/days:
    queryCount: 17
    executionTimeSeconds: 0.02
/days/item:
    queryCount: 11
    executionTimeSeconds: 0.01
/day_responsibles:
    queryCount: 6
    executionTimeSeconds: 0.01
/day_responsibles/item:
    queryCount: 9
    executionTimeSeconds: 0.01
/material_items:
    queryCount: 7
    executionTimeSeconds: 0.01
/material_items/item:
    queryCount: 9
    executionTimeSeconds: 0.01
/material_lists:
    queryCount: 6
    executionTimeSeconds: 0.01
/material_lists/item:
    queryCount: 7
    executionTimeSeconds: 0.01
/periods:
    queryCount: 6
    executionTimeSeconds: 0.01
/periods/item:
    queryCount: 19
    executionTimeSeconds: 0.02
/profiles:
    queryCount: 6
    executionTimeSeconds: 0.01
/profiles/item:
    queryCount: 6
    executionTimeSeconds: 0.01
/schedule_entries:
    queryCount: 23
    executionTimeSeconds: 0.02
/schedule_entries/item:
    queryCount: 21
    executionTimeSeconds: 0.02
/users/item:
    queryCount: 6
    executionTimeSeconds: 0.01
