/activities: 221
/activities/item: 233
/activity_progress_labels: 6
/activity_progress_labels/item: 7
/activity_responsibles: 6
/activity_responsibles/item: 8
/camps: 39
/camps/item: 32
/camp_collaborations: 25
/camp_collaborations/item: 25
/categories: 11
/categories/item: 9
/content_types: 6
/content_types/item: 6
/days: 26
/days/item: 12
/day_responsibles: 6
/day_responsibles/item: 9
/material_items: 207
/material_items/item: 9
/material_lists: 6
/material_lists/item: 7
/periods: 6
/periods/item: 28
/profiles: 6
/profiles/item: 6
/schedule_entries: 23
/schedule_entries/item: 221
/users/item: 6
'/activities?camp=': 213
'/activity_progress_labels?camp=': 6
'/activity_responsibles?activity.camp=': 6
'/camp_collaborations?camp=': 13
'/camp_collaborations?activityResponsibles.activity=': 25
'/categories?camp=': 9
'/content_types?categories=': 6
'/day_responsibles?day.period=': 6
'/material_items?materialList=': 7
'/material_items?materialNode=': 7
'/material_items?period=': 208
'/material_lists?camp=': 6
'/profiles?user.collaboration.camp=': 6
'/schedule_entries?period=': 13
