{
    "_links": {
        "children": [
            {
                "href": "escaped_value"
            },
            {
                "href": "escaped_value"
            },
            {
                "href": "escaped_value"
            },
            {
                "href": "escaped_value"
            },
            {
                "href": "escaped_value"
            },
            {
                "href": "escaped_value"
            }
        ],
        "contentType": {
            "href": "escaped_value"
        },
        "parent": {
            "href": "escaped_value"
        },
        "root": {
            "href": "escaped_value"
        },
        "self": {
            "href": "escaped_value"
        }
    },
    "contentTypeName": "escaped_value",
    "data": {
        "items": [
            {
                "slot": "escaped_value"
            },
            {
                "slot": "escaped_value"
            },
            {
                "slot": "escaped_value"
            }
        ]
    },
    "id": "escaped_value",
    "instanceName": "escaped_value",
    "position": "escaped_value",
    "slot": "escaped_value"
}
