{
    "_embedded": {
        "items": []
    },
    "_links": {
        "self": {
            "href": "escaped_value"
        }
    },
    "totalItems": "escaped_value"
}
