/activities: 21
/activities/item: 33
/activity_progress_labels: 6
/activity_progress_labels/item: 7
/activity_responsibles: 6
/activity_responsibles/item: 8
/camps: 29
/camps/item: 28
/camp_collaborations: 25
/camp_collaborations/item: 15
/categories: 11
/categories/item: 9
/content_types: 6
/content_types/item: 6
/days: 17
/days/item: 11
/day_responsibles: 6
/day_responsibles/item: 9
/material_items: 7
/material_items/item: 9
/material_lists: 6
/material_lists/item: 7
/periods: 6
/periods/item: 19
/profiles: 6
/profiles/item: 6
/schedule_entries: 23
/schedule_entries/item: 21
/users/item: 6
